[www.microsoft.com/en-us/corporate-responsibility/inclusive-economic-opportunity.html]
[backblue.gif]
[fade.gif]
[index.html]
[www.microsoft.com/onerfstatics/marketingsites-wcus-prod/_h/dfa0b592/coreui.statics/externalscripts/jquery/jquery-3.5.1.min.js]
[www.microsoft.com/en-us/corporate-responsibility/GET]
[www.microsoft.com/en-us/corporate-responsibility/skills-employability.html]
[www.microsoft.com/en-us/corporate-responsibility/airband.html]
[www.microsoft.com/en-us/corporate-responsibility/techspark.html]
[www.microsoft.com/en-us/corporate-responsibility/rural-communities.html]
[www.microsoft.com/en-us/corporate-responsibility/philanthropies/washington-state.html]
[www.microsoft.com/en-us/corporate-responsibility/human-rights.html]
[www.microsoft.com/en-us/corporate-responsibility/philanthropies/humanitarian-action.html]
[www.microsoft.com/en-us/corporate-responsibility/protecting-journalism.html]
[www.microsoft.com/en-us/corporate-responsibility/sustainability.html]
[www.microsoft.com/en-us/corporate-responsibility/sustainability/operations.html]
[www.microsoft.com/en-us/corporate-responsibility/sustainability/products-services-devices.html]
[www.microsoft.com/en-us/corporate-responsibility/sustainability/climate-innovation-fund.html]
[www.microsoft.com/en-us/corporate-responsibility/sustainability/carbon-removal-program.html]
[www.microsoft.com/en-us/corporate-responsibility/responsible-sourcing.html]
[www.microsoft.com/en-us/corporate-responsibility/privacy.html]
[www.microsoft.com/en-us/corporate-responsibility/public-policy-engagement.html]
[www.microsoft.com/en-us/corporate-responsibility/philanthropies/employee-engagement.html]
[www.microsoft.com/en-us/corporate-responsibility/empowering-employees.html]
[www.microsoft.com/en-us/corporate-responsibility/report.html]
[www.microsoft.com/en-us/corporate-responsibility/reports-hub.html]
[www.microsoft.com/en-us/corporate-responsibility/reporting-governance.html]
[www.microsoft.com/en-us/corporate-responsibility/sustainability/report.html]
[www.microsoft.com/en-us/corporate-responsibility/content-removal-requests-report.html]
[www.microsoft.com/en-us/corporate-responsibility/law-enforcement-requests-report.html]
[www.microsoft.com/en-us/corporate-responsibility/us-national-security-orders-report.html]
[www.microsoft.com/en-us/corporate-responsibility/un-sustainable-development-goals.html]
[www.microsoft.com/en-us/corporate-responsibility/recognition.html]
[www.microsoft.com/onerfstatics/marketingsites-wcus-prod/_h/9be151e5/coreui.statics/images/1x1clear.gif]
[www.microsoft.com/en-us/corporate-responsibility/skills-employability/career-pathways.html]
[www.microsoft.com/en-us/corporate-responsibility/skills-employability/computer-science.html]
[www.microsoft.com/en-us/corporate-responsibility/protect-fundamental-rights.html]
[www.microsoft.com/en-us/corporate-responsibility/sustainability956c.html]
[www.microsoft.com/en-us/corporate-responsibility/earn-trust.html]
[www.microsoft.com/onerfstatics/marketingsites-wcus-prod/_h/85288795/coreui.statics/images/social/facebook.png]
[www.microsoft.com/onerfstatics/marketingsites-wcus-prod/_h/93690392/coreui.statics/images/social/twitter.png]
[www.microsoft.com/onerfstatics/marketingsites-wcus-prod/_h/b23f9ba2/coreui.statics/images/social/linkedin.png]
[www.microsoft.com/en-us/corporate-responsibility/inclusive-economic-opportunity.html]
[www.microsoft.com/en-us/corporate-responsibility/GET]
[www.microsoft.com/en-us/corporate-responsibility/skills-employability/resources.html]
[www.microsoft.com/en-us/corporate-responsibility/skills-employability.html]
[www.microsoft.com/en-us/corporate-responsibility/skills-employability/get-involved.html]
[www.microsoft.com/en-us/corporate-responsibility/GET]
[www.microsoft.com/en-us/corporate-responsibility/airband/partnerships.html]
[www.microsoft.com/en-us/corporate-responsibility/airband.html]
[www.microsoft.com/en-us/corporate-responsibility/airband/technology.html]
[www.microsoft.com/en-us/corporate-responsibility/GET]
[www.microsoft.com/en-us/corporate-responsibility/techspark2dd6.html]
[www.microsoft.com/en-us/corporate-responsibility/techsparkaa84.html]
[www.microsoft.com/en-us/corporate-responsibility/techspark.html]
[www.microsoft.com/en-us/corporate-responsibility/techspark99e6.html]
[www.microsoft.com/en-us/corporate-responsibility/GET]
[www.microsoft.com/en-us/corporate-responsibility/rural-communities.html]
[www.microsoft.com/en-us/corporate-responsibility/philanthropies/GET]
[www.microsoft.com/en-us/corporate-responsibility/protecting-journalism/index.html]
[www.microsoft.com/en-us/corporate-responsibility/philanthropies/washington-state.html]
[www.microsoft.com/en-us/corporate-responsibility/GET]
[www.microsoft.com/en-us/corporate-responsibility/human-rights.html]
[www.microsoft.com/en-us/corporate-responsibility/human-rights-statement.html]
[www.microsoft.com/en-us/corporate-responsibility/philanthropies/GET]
[www.microsoft.com/en-us/corporate-responsibility/philanthropies/humanitarian-action.html]
[www.microsoft.com/en-us/corporate-responsibility/skills-employability/resourcesd81c.html]
[www.microsoft.com/en-us/corporate-responsibility/GET]
[www.microsoft.com/en-us/corporate-responsibility/protecting-journalism79b1.html]
[www.microsoft.com/en-us/corporate-responsibility/protecting-journalismeffb.html]
[www.microsoft.com/en-us/corporate-responsibility/protecting-journalism082c.html]
[www.microsoft.com/en-us/corporate-responsibility/protecting-journalism2dd6.html]
[www.microsoft.com/en-us/corporate-responsibility/protecting-journalism.html]
[www.microsoft.com/en-us/corporate-responsibility/protecting-journalismaa84.html]
[www.microsoft.com/en-us/corporate-responsibility/GET]
[www.microsoft.com/en-us/corporate-responsibility/sustainability1d4f.html]
[www.microsoft.com/en-us/corporate-responsibility/sustainability79b1.html]
[www.microsoft.com/en-us/corporate-responsibility/sustainabilityeffb.html]
[www.microsoft.com/en-us/corporate-responsibility/sustainability.html]
[www.microsoft.com/en-us/corporate-responsibility/sustainability082c.html]
[www.microsoft.com/en-us/corporate-responsibility/sustainability/GET]
[www.microsoft.com/en-us/corporate-responsibility/sustainability/operations.html]
[www.microsoft.com/en-us/corporate-responsibility/sustainability/GET]
[www.microsoft.com/en-us/corporate-responsibility/sustainability/products-services-devices.html]
[www.microsoft.com/en-us/corporate-responsibility/sustainability/GET]
[www.microsoft.com/en-us/corporate-responsibility/sustainability/climate-innovation-funda820.html]
[www.microsoft.com/en-us/corporate-responsibility/sustainability/climate-innovation-fund.html]
[www.microsoft.com/en-us/corporate-responsibility/sustainability/climate-innovation-funda199.html]
[www.microsoft.com/en-us/corporate-responsibility/sustainability/GET]
[www.microsoft.com/en-us/corporate-responsibility/sustainability/carbon-removal-program.html]
[www.microsoft.com/en-us/corporate-responsibility/GET]
[www.microsoft.com/en-us/corporate-responsibility/responsible-sourcing.html]
[www.microsoft.com/en-us/corporate-responsibility/GET]
[www.microsoft.com/en-us/corporate-responsibility/privacy.html]
[www.microsoft.com/en-us/corporate-responsibility/GET]
[www.microsoft.com/en-us/corporate-responsibility/public-policy-engagement.html]
[www.microsoft.com/en-us/corporate-responsibility/philanthropies/GET]
[www.microsoft.com/en-us/corporate-responsibility/philanthropies/employee-engagement.html]
[www.microsoft.com/en-us/corporate-responsibility/GET]
[www.microsoft.com/en-us/corporate-responsibility/empowering-employees.html]
[www.microsoft.com/en-us/corporate-responsibility/GET]
[www.microsoft.com/en-us/corporate-responsibility/report.html]
[www.microsoft.com/en-us/corporate-responsibility/digital-safety-content-report.html]
[www.microsoft.com/en-us/corporate-responsibility/GET]
[www.microsoft.com/en-us/corporate-responsibility/reports-hub.html]
[www.microsoft.com/en-us/corporate-responsibility/GET]
[www.microsoft.com/en-us/corporate-responsibility/un-sdgs]
[www.microsoft.com/en-us/corporate-responsibility/reporting-governance.html]
[www.microsoft.com/en-us/corporate-responsibility/sustainability/GET]
[www.microsoft.com/en-us/corporate-responsibility/sustainability/report.html]
[www.microsoft.com/en-us/corporate-responsibility/crrr]
[www.microsoft.com/en-us/corporate-responsibility/crrr]
[www.microsoft.com/en-us/corporate-responsibility/GET]
[www.microsoft.com/en-us/corporate-responsibility/content-removal-requests-report1d4f.html]
[www.microsoft.com/en-us/corporate-responsibility/content-removal-requests-reporteffb.html]
[www.microsoft.com/en-us/corporate-responsibility/content-removal-requests-report.html]
[www.microsoft.com/en-us/corporate-responsibility/content-removal-requests-report2dd6.html]
[www.microsoft.com/en-us/corporate-responsibility/lerr]
[www.microsoft.com/en-us/corporate-responsibility/lerr]
[www.microsoft.com/en-us/corporate-responsibility/GET]
[www.microsoft.com/en-us/corporate-responsibility/human-rights-statementeffb.html]
[www.microsoft.com/en-us/corporate-responsibility/us-national-security-orders-report056f.html]
[www.microsoft.com/en-us/corporate-responsibility/digital-safety-content-report7fd6.html]
[www.microsoft.com/en-us/corporate-responsibility/law-enforcement-requests-report.html]
[www.microsoft.com/en-us/corporate-responsibility/digital-safety-content-reportcb4a.html]
[www.microsoft.com/en-us/corporate-responsibility/fisa]
[www.microsoft.com/en-us/corporate-responsibility/fisa]
[www.microsoft.com/en-us/corporate-responsibility/GET]
[www.microsoft.com/en-us/corporate-responsibility/us-national-security-orders-report.html]
[www.microsoft.com/en-us/corporate-responsibility/us-national-security-orders-report1d4f.html]
[www.microsoft.com/en-us/corporate-responsibility/un-sdgs]
[www.microsoft.com/en-us/corporate-responsibility/un-sdgs]
[www.microsoft.com/en-us/corporate-responsibility/GET]
[www.microsoft.com/en-us/corporate-responsibility/un-sustainable-development-goals.html]
[www.microsoft.com/en-us/corporate-responsibility/GET]
[www.microsoft.com/en-us/corporate-responsibility/recognition.html]
[www.microsoft.com/en-us/corporate-responsibility/skills-employability/GET]
[www.microsoft.com/en-us/corporate-responsibility/skills-employability/career-pathways.html]
[www.microsoft.com/en-us/corporate-responsibility/skills-employability/GET]
[www.microsoft.com/en-us/corporate-responsibility/skills-employability/computer-science.html]
[www.microsoft.com/en-us/corporate-responsibility/GET]
[www.microsoft.com/en-us/corporate-responsibility/protect-fundamental-rights.html]
[www.microsoft.com/en-us/corporate-responsibility/justice-reform-initiative.html]
[www.microsoft.com/en-us/corporate-responsibility/GET]
[www.microsoft.com/en-us/corporate-responsibility/sustainability956c.html]
[www.microsoft.com/en-us/corporate-responsibility/GET]
[www.microsoft.com/en-us/corporate-responsibility/earn-trust.html]
[www.microsoft.com/en-us/corporate-responsibility/skills-employability/GET]
[www.microsoft.com/en-us/corporate-responsibility/skills-employability/resources1d4f.html]
[www.microsoft.com/en-us/corporate-responsibility/skills-employability/resources79b1.html]
[www.microsoft.com/en-us/corporate-responsibility/skills-employability/resourceseffb.html]
[www.microsoft.com/en-us/corporate-responsibility/skills-employability/resources082c.html]
[www.microsoft.com/en-us/corporate-responsibility/skills-employability/resources2dd6.html]
[www.microsoft.com/en-us/corporate-responsibility/skills-employability/resourcesaa84.html]
[www.microsoft.com/en-us/corporate-responsibility/skills-employability/resources.html]
[www.microsoft.com/en-us/corporate-responsibility/skills-employability/girls-stem-computer-science.html]
[www.microsoft.com/en-us/corporate-responsibility/skills-employability/GET]
[www.microsoft.com/en-us/corporate-responsibility/skills-employability/get-involved082c.html]
[www.microsoft.com/en-us/corporate-responsibility/skills-employability/get-involved2dd6.html]
[www.microsoft.com/en-us/corporate-responsibility/skills-employability/get-involvedaa84.html]
[www.microsoft.com/en-us/corporate-responsibility/skills-employability/get-involved99e6.html]
[www.microsoft.com/en-us/corporate-responsibility/skills-employability/get-involved.html]
[www.microsoft.com/en-us/corporate-responsibility/skills-employability/get-involved6015.html]
[www.microsoft.com/en-us/corporate-responsibility/airband/GET]
[www.microsoft.com/en-us/corporate-responsibility/airband/partnerships.html]
[www.microsoft.com/en-us/corporate-responsibility/airband/GET]
[www.microsoft.com/en-us/corporate-responsibility/airband/technology.html]
[www.microsoft.com/en-us/corporate-responsibility/GET]
[www.microsoft.com/en-us/corporate-responsibility/techspark2dd6.html]
[www.microsoft.com/en-us/corporate-responsibility/GET]
[www.microsoft.com/en-us/corporate-responsibility/techsparkaa84.html]
[www.microsoft.com/en-us/corporate-responsibility/GET]
[www.microsoft.com/en-us/corporate-responsibility/techspark99e6.html]
[www.microsoft.com/en-us/corporate-responsibility/protecting-journalism/GET]
[www.microsoft.com/en-us/corporate-responsibility/protecting-journalism/index.html]
[www.microsoft.com/en-us/corporate-responsibility/protecting-journalism/indexeffb.html]
[www.microsoft.com/en-us/corporate-responsibility/protecting-journalism/index79b1.html]
[www.microsoft.com/en-us/corporate-responsibility/protecting-journalism/index082c.html]
[www.microsoft.com/en-us/corporate-responsibility/protecting-journalism/indexaa84.html]
[www.microsoft.com/en-us/corporate-responsibility/GET]
[www.microsoft.com/en-us/corporate-responsibility/protecting-journalism/index2dd6.html]
[www.microsoft.com/en-us/corporate-responsibility/human-rights-statement082c.html]
[www.microsoft.com/en-us/corporate-responsibility/human-rights-statement2dd6.html]
[www.microsoft.com/en-us/corporate-responsibility/human-rights-statementaa84.html]
[www.microsoft.com/en-us/corporate-responsibility/human-rights-statement.html]
[www.microsoft.com/en-us/corporate-responsibility/human-rights-statement99e6.html]
[www.microsoft.com/en-us/corporate-responsibility/skills-employability/GET]
[www.microsoft.com/en-us/corporate-responsibility/skills-employability/resourcesd81c.html]
[www.microsoft.com/en-us/corporate-responsibility/GET]
[www.microsoft.com/en-us/corporate-responsibility/protecting-journalism79b1.html]
[www.microsoft.com/en-us/corporate-responsibility/GET]
[www.microsoft.com/en-us/corporate-responsibility/protecting-journalismeffb.html]
[www.microsoft.com/en-us/corporate-responsibility/GET]
[www.microsoft.com/en-us/corporate-responsibility/protecting-journalism082c.html]
[www.microsoft.com/en-us/corporate-responsibility/GET]
[www.microsoft.com/en-us/corporate-responsibility/protecting-journalism2dd6.html]
[www.microsoft.com/en-us/corporate-responsibility/GET]
[www.microsoft.com/en-us/corporate-responsibility/protecting-journalismaa84.html]
[www.microsoft.com/en-us/corporate-responsibility/GET]
[www.microsoft.com/en-us/corporate-responsibility/sustainability1d4f.html]
[www.microsoft.com/en-us/corporate-responsibility/GET]
[www.microsoft.com/en-us/corporate-responsibility/sustainability79b1.html]
[www.microsoft.com/en-us/corporate-responsibility/GET]
[www.microsoft.com/en-us/corporate-responsibility/sustainabilityeffb.html]
[www.microsoft.com/en-us/corporate-responsibility/GET]
[www.microsoft.com/en-us/corporate-responsibility/sustainability082c.html]
[www.microsoft.com/en-us/corporate-responsibility/sustainability/GET]
[www.microsoft.com/en-us/corporate-responsibility/sustainability/climate-innovation-funda820.html]
[www.microsoft.com/en-us/corporate-responsibility/sustainability/GET]
[www.microsoft.com/en-us/corporate-responsibility/sustainability/climate-innovation-funda199.html]
[www.microsoft.com/en-us/corporate-responsibility/GET.c0.delayed]
[www.microsoft.com/en-us/corporate-responsibility/digital-safety-content-report1d4f.html]
[www.microsoft.com/en-us/corporate-responsibility/digital-safety-content-report79b1.html]
[www.microsoft.com/en-us/corporate-responsibility/digital-safety-content-report.html]
[www.microsoft.com/en-us/corporate-responsibility/digital-safety-content-reporteffb.html]
[www.microsoft.com/en-us/corporate-responsibility/crrr.c5.delayed]
[www.microsoft.com/en-us/corporate-responsibility/content-removal-requests-report1d4f.html]
[www.microsoft.com/en-us/corporate-responsibility/content-removal-requests-reporteffb.html]
[www.microsoft.com/en-us/corporate-responsibility/content-removal-requests-report2dd6.html]
[www.microsoft.com/en-us/corporate-responsibility/human-rights-statementeffb.html]
[www.microsoft.com/en-us/corporate-responsibility/fisa]
[www.microsoft.com/en-us/corporate-responsibility/fisa]
[www.microsoft.com/en-us/corporate-responsibility/us-national-security-orders-report056f.html]
[www.microsoft.com/en-us/corporate-responsibility/digital-safety-content-report3abb.html]
[www.microsoft.com/en-us/corporate-responsibility/digital-safety-content-report7fd6.html]
[www.microsoft.com/en-us/corporate-responsibility/digital-safety-content-reportcb4a.html]
[www.microsoft.com/en-us/corporate-responsibility/digital-safety-content-report82dc.html]
[www.microsoft.com/en-us/corporate-responsibility/fisa.d6.delayed]
[www.microsoft.com/en-us/corporate-responsibility/us-national-security-orders-report1d4f.html]
[www.microsoft.com/en-us/corporate-responsibility/justice-reform-initiative79b1.html]
[www.microsoft.com/en-us/corporate-responsibility/justice-reform-initiativeeffb.html]
[www.microsoft.com/en-us/corporate-responsibility/justice-reform-initiative.html]
[web.vortex.data.microsoft.com_443/collect/v1/t0501.gif]
[www.microsoft.com/en-us/corporate-responsibility/justice-reform-initiative082c.html]
[www.microsoft.com/en-us/corporate-responsibility/skills-employability/GET.de.delayed]
[www.microsoft.com/en-us/corporate-responsibility/skills-employability/resources1d4f.html]
[www.microsoft.com/en-us/corporate-responsibility/skills-employability/resources79b1.html]
[www.microsoft.com/en-us/corporate-responsibility/skills-employability/resourceseffb.html]
[www.microsoft.com/en-us/corporate-responsibility/skills-employability/resources082c.html]
[www.microsoft.com/en-us/corporate-responsibility/skills-employability/resources2dd6.html]
[www.microsoft.com/en-us/corporate-responsibility/skills-employability/resourcesaa84.html]
[www.microsoft.com/en-us/corporate-responsibility/skills-employability/girls-stem-computer-science.html]
[www.microsoft.com/en-us/corporate-responsibility/skills-employability/get-involved082c.html]
[www.microsoft.com/en-us/corporate-responsibility/skills-employability/get-involved2dd6.html]
[www.microsoft.com/en-us/corporate-responsibility/skills-employability/get-involvedaa84.html]
[www.microsoft.com/en-us/corporate-responsibility/skills-employability/get-involved99e6.html]
[www.microsoft.com/en-us/corporate-responsibility/skills-employability/get-involved6015.html]
[www.microsoft.com/en-us/corporate-responsibility/protecting-journalism/GET.ea.delayed]
[www.microsoft.com/en-us/corporate-responsibility/protecting-journalism/index79b1.html]
[www.microsoft.com/en-us/corporate-responsibility/protecting-journalism/indexeffb.html]
[www.microsoft.com/en-us/corporate-responsibility/protecting-journalism/index082c.html]
[www.microsoft.com/en-us/corporate-responsibility/protecting-journalism/index2dd6.html]
[www.microsoft.com/en-us/corporate-responsibility/protecting-journalism/indexaa84.html]
[www.microsoft.com/en-us/corporate-responsibility/human-rights-statement082c.html]
[www.microsoft.com/en-us/corporate-responsibility/human-rights-statement2dd6.html]
[www.microsoft.com/en-us/corporate-responsibility/human-rights-statementaa84.html]
[www.microsoft.com/en-us/corporate-responsibility/human-rights-statement99e6.html]
[www.microsoft.com/en-us/corporate-responsibility/digital-safety-content-report1d4f.html]
[www.microsoft.com/en-us/corporate-responsibility/digital-safety-content-report79b1.html]
[www.microsoft.com/en-us/corporate-responsibility/digital-safety-content-reporteffb.html]
[www.microsoft.com/en-us/corporate-responsibility/digital-safety-content-report3abb.html]
[www.microsoft.com/en-us/corporate-responsibility/digital-safety-content-report82dc.html]
[www.microsoft.com/en-us/corporate-responsibility/justice-reform-initiative79b1.html]
[www.microsoft.com/en-us/corporate-responsibility/justice-reform-initiativeeffb.html]
[www.microsoft.com/en-us/corporate-responsibility/justice-reform-initiative082c.html]
[web.vortex.data.microsoft.com_443/collect/v1/t7e4d.gif]
[web.vortex.data.microsoft.com_443/collect/v1/tdee5.gif]
[web.vortex.data.microsoft.com_443/collect/v1/t224f.gif]
[web.vortex.data.microsoft.com_443/collect/v1/t3b60.gif]
[web.vortex.data.microsoft.com_443/collect/v1/t04d5.gif]
[web.vortex.data.microsoft.com_443/collect/v1/tca43.gif]
[web.vortex.data.microsoft.com_443/collect/v1/t824e.gif]
[web.vortex.data.microsoft.com_443/collect/v1/t9be6.gif]
[web.vortex.data.microsoft.com_443/collect/v1/t2cd3.gif]
[web.vortex.data.microsoft.com_443/collect/v1/t9127.gif]
[web.vortex.data.microsoft.com_443/collect/v1/td746.gif]
[web.vortex.data.microsoft.com_443/collect/v1/ta348.gif]
[web.vortex.data.microsoft.com_443/collect/v1/t0ec4.gif]
[web.vortex.data.microsoft.com_443/collect/v1/t420f.gif]
[web.vortex.data.microsoft.com_443/collect/v1/t4bd5.gif]
[web.vortex.data.microsoft.com_443/collect/v1/t1587.gif]
[web.vortex.data.microsoft.com_443/collect/v1/t76dc.gif]
[web.vortex.data.microsoft.com_443/collect/v1/ta4da.gif]
[web.vortex.data.microsoft.com_443/collect/v1/t5361.gif]
[web.vortex.data.microsoft.com_443/collect/v1/t0a50.gif]
[web.vortex.data.microsoft.com_443/collect/v1/ta2c0.gif]
[web.vortex.data.microsoft.com_443/collect/v1/t870d.gif]
[web.vortex.data.microsoft.com_443/collect/v1/te7bb.gif]
[web.vortex.data.microsoft.com_443/collect/v1/te02f.gif]
[web.vortex.data.microsoft.com_443/collect/v1/t9371.gif]
[web.vortex.data.microsoft.com_443/collect/v1/tda42.gif]
[web.vortex.data.microsoft.com_443/collect/v1/tcfc0.gif]
[web.vortex.data.microsoft.com_443/collect/v1/ta76e.gif]
[web.vortex.data.microsoft.com_443/collect/v1/tcdc3.gif]
[web.vortex.data.microsoft.com_443/collect/v1/t667d.gif]
[web.vortex.data.microsoft.com_443/collect/v1/td843.gif]
[web.vortex.data.microsoft.com_443/collect/v1/t98ce.gif]
[web.vortex.data.microsoft.com_443/collect/v1/t7d22.gif]
[web.vortex.data.microsoft.com_443/collect/v1/tedec.gif]
[web.vortex.data.microsoft.com_443/collect/v1/t03fd.gif]
[web.vortex.data.microsoft.com_443/collect/v1/t2026.gif]
[web.vortex.data.microsoft.com_443/collect/v1/t0788.gif]
[web.vortex.data.microsoft.com_443/collect/v1/t5231.gif]
[web.vortex.data.microsoft.com_443/collect/v1/tc674.gif]
[web.vortex.data.microsoft.com_443/collect/v1/t1836.gif]
[web.vortex.data.microsoft.com_443/collect/v1/t87b7.gif]
[web.vortex.data.microsoft.com_443/collect/v1/t0c34.gif]
[web.vortex.data.microsoft.com_443/collect/v1/tcf34.gif]
[web.vortex.data.microsoft.com_443/collect/v1/teb78.gif]
[web.vortex.data.microsoft.com_443/collect/v1/t8af4.gif]
[web.vortex.data.microsoft.com_443/collect/v1/t90fd.gif]
